// Jest Snapshot v1, https://goo.gl/fbAQLP

exports[`Pruebas del componente <GifGridItem/> Deber√≠a renderizar el componente correctamente 1`] = `
<div
  className="card animate__animated animate__fadeIn"
>
  <img
    alt="Titulo"
    src="https://algunsitio.com/foto.jpg"
  />
  <p>
    Titulo
  </p>
</div>
`;
